cccccccc SSSSSSSSSSSSSSSSSSSSS
  cc SSSSSSSSSSSSSSSSSSSSSSSSSSSSSSSSSSSSSSSSSSSSSSSSS
    cccccc VVVVVV_OO_VVVVV
    cccccc VVVVVVV_OO_VVVVVVVV
  ccc
  cc SSSSSSSSSSSSSSSSSSSSSSSSSSSSSSSSSSSSSSSSSSSSSSSSS
    ??? CC C ????? ?????????
  ccc
ccc
